2025-11-17 16:59:04.819 WARNING (SyncWorker_0) [homeassistant.loader] We found a custom integration tapo_control which has not been tested by Home Assistant. This component might cause stability problems, be sure to disable it if you experience issues with Home Assistant
2025-11-17 16:59:04.825 WARNING (SyncWorker_0) [homeassistant.loader] We found a custom integration nordpool which has not been tested by Home Assistant. This component might cause stability problems, be sure to disable it if you experience issues with Home Assistant
2025-11-17 16:59:04.829 WARNING (SyncWorker_0) [homeassistant.loader] We found a custom integration hacs which has not been tested by Home Assistant. This component might cause stability problems, be sure to disable it if you experience issues with Home Assistant
2025-11-17 16:59:04.832 WARNING (SyncWorker_0) [homeassistant.loader] We found a custom integration browser_mod which has not been tested by Home Assistant. This component might cause stability problems, be sure to disable it if you experience issues with Home Assistant
2025-11-17 16:59:04.836 WARNING (SyncWorker_0) [homeassistant.loader] We found a custom integration xiaomi_miot which has not been tested by Home Assistant. This component might cause stability problems, be sure to disable it if you experience issues with Home Assistant
2025-11-17 16:59:09.401 WARNING (MainThread) [homeassistant.components.lovelace] Lovelace is running in storage mode. Define resources via user interface
2025-11-17 16:59:09.480 WARNING (Recorder) [homeassistant.components.recorder.util] The system could not validate that the sqlite3 database at //config/home-assistant_v2.db was shutdown cleanly
2025-11-17 16:59:09.523 WARNING (Recorder) [homeassistant.components.recorder.util] Ended unfinished session (id=103 from 2025-11-16 20:54:57.509117)
2025-11-17 16:59:20.859 ERROR (MainThread) [homeassistant.components.weather] The met platform for the weather integration does not support platform setup. Please remove it from your config.
2025-11-17 16:59:26.474 ERROR (MainThread) [homeassistant.helpers.config_validation] The browser_mod integration does not support any configuration parameters, got {'prefix': 'browser_mod'}. Please remove the configuration parameters from your configuration.
2025-11-17 16:59:27.819 ERROR (MainThread) [homeassistant.components.camera] The generic platform for the camera integration does not support platform setup. Please remove it from your config.
2025-11-17 16:59:33.810 ERROR (MainThread) [custom_components.tapo_control] Unable to connect to Tapo: Cameras Control controller: HTTPSConnectionPool(host='192.168.1.86', port=443): Max retries exceeded with url: / (Caused by NewConnectionError('<urllib3.connection.HTTPSConnection object at 0x7f8dc02cf0>: Failed to establish a new connection: [Errno 113] Host is unreachable'))
2025-11-17 16:59:33.842 ERROR (MainThread) [homeassistant.core] Error running job: <Job onetime listen homeassistant_start <function _async_at_core_state.<locals>._matched_event at 0x7f9c5811c0> HassJobType.Callback <_OneTimeListener homeassistant.helpers.start:<function _async_at_core_state.<locals>._matched_event at 0x7f9c5811c0>>>
Traceback (most recent call last):
  File "/usr/src/homeassistant/homeassistant/components/sensor/__init__.py", line 661, in state
    numerical_value = int(value)
ValueError: invalid literal for int() with base 10: ''

During handling of the above exception, another exception occurred:

Traceback (most recent call last):
  File "/usr/src/homeassistant/homeassistant/components/sensor/__init__.py", line 664, in state
    numerical_value = float(value)
ValueError: could not convert string to float: ''

The above exception was the direct cause of the following exception:

Traceback (most recent call last):
  File "/usr/src/homeassistant/homeassistant/core.py", line 1576, in async_fire_internal
    self._hass.async_run_hass_job(job, event)
    ~~~~~~~~~~~~~~~~~~~~~~~~~~~~~^^^^^^^^^^^^
  File "/usr/src/homeassistant/homeassistant/core.py", line 938, in async_run_hass_job
    hassjob.target(*args)
    ~~~~~~~~~~~~~~^^^^^^^
  File "/usr/src/homeassistant/homeassistant/core.py", line 1437, in __call__
    self.hass.async_run_hass_job(self.listener_job, event)
    ~~~~~~~~~~~~~~~~~~~~~~~~~~~~^^^^^^^^^^^^^^^^^^^^^^^^^^
  File "/usr/src/homeassistant/homeassistant/core.py", line 938, in async_run_hass_job
    hassjob.target(*args)
    ~~~~~~~~~~~~~~^^^^^^^
  File "/usr/src/homeassistant/homeassistant/helpers/start.py", line 44, in _matched_event
    hass.async_run_hass_job(at_start_job, hass)
    ~~~~~~~~~~~~~~~~~~~~~~~^^^^^^^^^^^^^^^^^^^^
  File "/usr/src/homeassistant/homeassistant/core.py", line 938, in async_run_hass_job
    hassjob.target(*args)
    ~~~~~~~~~~~~~~^^^^^^^
  File "/usr/src/homeassistant/homeassistant/components/template/template_entity.py", line 531, in _async_template_startup
    result_info.async_refresh()
    ~~~~~~~~~~~~~~~~~~~~~~~~~^^
  File "/usr/src/homeassistant/homeassistant/helpers/event.py", line 1132, in async_refresh
    self._refresh(None)
    ~~~~~~~~~~~~~^^^^^^
  File "/usr/src/homeassistant/homeassistant/helpers/event.py", line 1318, in _refresh
    self.hass.async_run_hass_job(self._job, event, updates)
    ~~~~~~~~~~~~~~~~~~~~~~~~~~~~^^^^^^^^^^^^^^^^^^^^^^^^^^^
  File "/usr/src/homeassistant/homeassistant/core.py", line 938, in async_run_hass_job
    hassjob.target(*args)
    ~~~~~~~~~~~~~~^^^^^^^
  File "/usr/src/homeassistant/homeassistant/components/template/template_entity.py", line 477, in _handle_results
    self.async_write_ha_state()
    ~~~~~~~~~~~~~~~~~~~~~~~~~^^
  File "/usr/src/homeassistant/homeassistant/helpers/entity.py", line 1019, in async_write_ha_state
    self._async_write_ha_state()
    ~~~~~~~~~~~~~~~~~~~~~~~~~~^^
  File "/usr/src/homeassistant/homeassistant/helpers/entity.py", line 1141, in _async_write_ha_state
    self.__async_calculate_state()
    ~~~~~~~~~~~~~~~~~~~~~~~~~~~~^^
  File "/usr/src/homeassistant/homeassistant/helpers/entity.py", line 1081, in __async_calculate_state
    state = self._stringify_state(available)
  File "/usr/src/homeassistant/homeassistant/helpers/entity.py", line 1025, in _stringify_state
    if (state := self.state) is None:
                 ^^^^^^^^^^
  File "/usr/src/homeassistant/homeassistant/components/sensor/__init__.py", line 668, in state
    raise ValueError(
    ...<5 lines>...
    ) from err
ValueError: Sensor sensor.taman_hetken_sahkohinta has device class 'None', state class 'None' unit 'snt/kWh' and suggested precision 'None' thus indicating it has a numeric value; however, it has the non-numeric value: '' (<class 'str'>)
2025-11-17 16:59:33.948 ERROR (MainThread) [homeassistant.components.template.template_entity] TemplateError('ZeroDivisionError: float division by zero') while processing template 'Template<template=({% set output = namespace(value=[]) %} {% for pnow in state_attr("sensor.shf_electricity_price_now", "today_prices") %}
  {% set pmin = state_attr("sensor.shf_electricity_price_now", "today_min") | float %}
  {% set pmax = state_attr("sensor.shf_electricity_price_now", "today_max") | float %}
  {% set value = max(min((2*(pmax - pnow) / (pmax - pmin)-1) * states('input_number.shf_control_function_factor') | float,1),-1) %}
  {% if states("input_select.shf_control_function" ) == "Linear"  %}
    {% set output.value = output.value + [value | round(2)] %}
  {% else %}
    {% set output.value = output.value + [sin(value*pi/2) | round(2)] %}
  {% endif %}
{% endfor %} {{ output.value }}) renders=2>' for attribute 'today_values' in entity 'sensor.shf_control_factor_1'
2025-11-17 16:59:34.725 WARNING (MainThread) [homeassistant.components.template.trigger] Error initializing 'template' trigger for 'KPH Lattialämmitys päälle': ValueError: Template error: float got invalid input 'unavailable' when rendering template '{{ states('sensor.shellyplus1pm_a0dd6c313c70_temperature') | float
   < states('input_number.KPH_lattialammitys_lamporaja') | float - 1 }}' but no default was specified
2025-11-17 16:59:34.726 ERROR (MainThread) [homeassistant.helpers.event] Error while processing template: Template<template=({{ states('sensor.shellyplus1pm_a0dd6c313c70_temperature') | float
   < states('input_number.KPH_lattialammitys_lamporaja') | float - 1 }}) renders=3>
Traceback (most recent call last):
  File "/usr/src/homeassistant/homeassistant/helpers/template.py", line 2443, in forgiving_float_filter
    return float(value)
ValueError: could not convert string to float: 'unavailable'

During handling of the above exception, another exception occurred:

Traceback (most recent call last):
  File "/usr/src/homeassistant/homeassistant/helpers/template.py", line 644, in async_render
    render_result = _render_with_context(self.template, compiled, **kwargs)
  File "/usr/src/homeassistant/homeassistant/helpers/template.py", line 2969, in _render_with_context
    return template.render(**kwargs)
           ~~~~~~~~~~~~~~~^^^^^^^^^^
  File "/usr/local/lib/python3.13/site-packages/jinja2/environment.py", line 1295, in render
    self.environment.handle_exception()
    ~~~~~~~~~~~~~~~~~~~~~~~~~~~~~~~~~^^
  File "/usr/local/lib/python3.13/site-packages/jinja2/environment.py", line 942, in handle_exception
    raise rewrite_traceback_stack(source=source)
  File "<template>", line 2, in top-level template code
  File "/usr/src/homeassistant/homeassistant/helpers/template.py", line 2446, in forgiving_float_filter
    raise_no_default("float", value)
    ~~~~~~~~~~~~~~~~^^^^^^^^^^^^^^^^
  File "/usr/src/homeassistant/homeassistant/helpers/template.py", line 1972, in raise_no_default
    raise ValueError(
    ...<2 lines>...
    )
ValueError: Template error: float got invalid input 'unavailable' when rendering template '{{ states('sensor.shellyplus1pm_a0dd6c313c70_temperature') | float
   < states('input_number.KPH_lattialammitys_lamporaja') | float - 1 }}' but no default was specified

The above exception was the direct cause of the following exception:

Traceback (most recent call last):
  File "/usr/src/homeassistant/homeassistant/helpers/template.py", line 761, in async_render_to_info
    render_info._result = self.async_render(  # noqa: SLF001
                          ~~~~~~~~~~~~~~~~~^^^^^^^^^^^^^^^^^
        variables, strict=strict, log_fn=log_fn, **kwargs
        ^^^^^^^^^^^^^^^^^^^^^^^^^^^^^^^^^^^^^^^^^^^^^^^^^
    )
    ^
  File "/usr/src/homeassistant/homeassistant/helpers/template.py", line 646, in async_render
    raise TemplateError(err) from err
homeassistant.exceptions.TemplateError: ValueError: Template error: float got invalid input 'unavailable' when rendering template '{{ states('sensor.shellyplus1pm_a0dd6c313c70_temperature') | float
   < states('input_number.KPH_lattialammitys_lamporaja') | float - 1 }}' but no default was specified
2025-11-17 16:59:34.754 WARNING (MainThread) [homeassistant.components.template.trigger] Error initializing 'template' trigger for 'KPH Lattialämmitys pois': ValueError: Template error: float got invalid input 'unavailable' when rendering template '{{ states('sensor.shellyplus1pm_a0dd6c313c70_temperature') | float
   > states('input_number.KPH_lattialammitys_lamporaja') | float + 0.5 }}' but no default was specified
2025-11-17 16:59:34.755 ERROR (MainThread) [homeassistant.helpers.event] Error while processing template: Template<template=({{ states('sensor.shellyplus1pm_a0dd6c313c70_temperature') | float
   > states('input_number.KPH_lattialammitys_lamporaja') | float + 0.5 }}) renders=3>
Traceback (most recent call last):
  File "/usr/src/homeassistant/homeassistant/helpers/template.py", line 2443, in forgiving_float_filter
    return float(value)
ValueError: could not convert string to float: 'unavailable'

During handling of the above exception, another exception occurred:

Traceback (most recent call last):
  File "/usr/src/homeassistant/homeassistant/helpers/template.py", line 644, in async_render
    render_result = _render_with_context(self.template, compiled, **kwargs)
  File "/usr/src/homeassistant/homeassistant/helpers/template.py", line 2969, in _render_with_context
    return template.render(**kwargs)
           ~~~~~~~~~~~~~~~^^^^^^^^^^
  File "/usr/local/lib/python3.13/site-packages/jinja2/environment.py", line 1295, in render
    self.environment.handle_exception()
    ~~~~~~~~~~~~~~~~~~~~~~~~~~~~~~~~~^^
  File "/usr/local/lib/python3.13/site-packages/jinja2/environment.py", line 942, in handle_exception
    raise rewrite_traceback_stack(source=source)
  File "<template>", line 2, in top-level template code
  File "/usr/src/homeassistant/homeassistant/helpers/template.py", line 2446, in forgiving_float_filter
    raise_no_default("float", value)
    ~~~~~~~~~~~~~~~~^^^^^^^^^^^^^^^^
  File "/usr/src/homeassistant/homeassistant/helpers/template.py", line 1972, in raise_no_default
    raise ValueError(
    ...<2 lines>...
    )
ValueError: Template error: float got invalid input 'unavailable' when rendering template '{{ states('sensor.shellyplus1pm_a0dd6c313c70_temperature') | float
   > states('input_number.KPH_lattialammitys_lamporaja') | float + 0.5 }}' but no default was specified

The above exception was the direct cause of the following exception:

Traceback (most recent call last):
  File "/usr/src/homeassistant/homeassistant/helpers/template.py", line 761, in async_render_to_info
    render_info._result = self.async_render(  # noqa: SLF001
                          ~~~~~~~~~~~~~~~~~^^^^^^^^^^^^^^^^^
        variables, strict=strict, log_fn=log_fn, **kwargs
        ^^^^^^^^^^^^^^^^^^^^^^^^^^^^^^^^^^^^^^^^^^^^^^^^^
    )
    ^
  File "/usr/src/homeassistant/homeassistant/helpers/template.py", line 646, in async_render
    raise TemplateError(err) from err
homeassistant.exceptions.TemplateError: ValueError: Template error: float got invalid input 'unavailable' when rendering template '{{ states('sensor.shellyplus1pm_a0dd6c313c70_temperature') | float
   > states('input_number.KPH_lattialammitys_lamporaja') | float + 0.5 }}' but no default was specified
2025-11-17 16:59:34.765 WARNING (MainThread) [homeassistant.components.template.trigger] Error initializing 'template' trigger for 'IV Huoneen Lattialämmitys pois': ValueError: Template error: float got invalid input 'unavailable' when rendering template '{{ states('sensor.shellyplus1pm_e465b8f2167c_temperature') | float
   > states('input_number.IV_lattialammitys_lamporaja') | float + 0.5 }}' but no default was specified
2025-11-17 16:59:34.776 ERROR (MainThread) [homeassistant.helpers.event] Error while processing template: Template<template=({{ states('sensor.shellyplus1pm_e465b8f2167c_temperature') | float
   > states('input_number.IV_lattialammitys_lamporaja') | float + 0.5 }}) renders=3>
Traceback (most recent call last):
  File "/usr/src/homeassistant/homeassistant/helpers/template.py", line 2443, in forgiving_float_filter
    return float(value)
ValueError: could not convert string to float: 'unavailable'

During handling of the above exception, another exception occurred:

Traceback (most recent call last):
  File "/usr/src/homeassistant/homeassistant/helpers/template.py", line 644, in async_render
    render_result = _render_with_context(self.template, compiled, **kwargs)
  File "/usr/src/homeassistant/homeassistant/helpers/template.py", line 2969, in _render_with_context
    return template.render(**kwargs)
           ~~~~~~~~~~~~~~~^^^^^^^^^^
  File "/usr/local/lib/python3.13/site-packages/jinja2/environment.py", line 1295, in render
    self.environment.handle_exception()
    ~~~~~~~~~~~~~~~~~~~~~~~~~~~~~~~~~^^
  File "/usr/local/lib/python3.13/site-packages/jinja2/environment.py", line 942, in handle_exception
    raise rewrite_traceback_stack(source=source)
  File "<template>", line 2, in top-level template code
  File "/usr/src/homeassistant/homeassistant/helpers/template.py", line 2446, in forgiving_float_filter
    raise_no_default("float", value)
    ~~~~~~~~~~~~~~~~^^^^^^^^^^^^^^^^
  File "/usr/src/homeassistant/homeassistant/helpers/template.py", line 1972, in raise_no_default
    raise ValueError(
    ...<2 lines>...
    )
ValueError: Template error: float got invalid input 'unavailable' when rendering template '{{ states('sensor.shellyplus1pm_e465b8f2167c_temperature') | float
   > states('input_number.IV_lattialammitys_lamporaja') | float + 0.5 }}' but no default was specified

The above exception was the direct cause of the following exception:

Traceback (most recent call last):
  File "/usr/src/homeassistant/homeassistant/helpers/template.py", line 761, in async_render_to_info
    render_info._result = self.async_render(  # noqa: SLF001
                          ~~~~~~~~~~~~~~~~~^^^^^^^^^^^^^^^^^
        variables, strict=strict, log_fn=log_fn, **kwargs
        ^^^^^^^^^^^^^^^^^^^^^^^^^^^^^^^^^^^^^^^^^^^^^^^^^
    )
    ^
  File "/usr/src/homeassistant/homeassistant/helpers/template.py", line 646, in async_render
    raise TemplateError(err) from err
homeassistant.exceptions.TemplateError: ValueError: Template error: float got invalid input 'unavailable' when rendering template '{{ states('sensor.shellyplus1pm_e465b8f2167c_temperature') | float
   > states('input_number.IV_lattialammitys_lamporaja') | float + 0.5 }}' but no default was specified
2025-11-17 16:59:34.783 WARNING (MainThread) [homeassistant.components.template.trigger] Error initializing 'template' trigger for 'IV Huoneen Lattialämmitys Päälle': ValueError: Template error: float got invalid input 'unavailable' when rendering template '{{ states('sensor.shellyplus1pm_e465b8f2167c_temperature') | float
   < states('input_number.IV_lattialammitys_lamporaja') | float - 1 }}' but no default was specified
2025-11-17 16:59:34.783 ERROR (MainThread) [homeassistant.helpers.event] Error while processing template: Template<template=({{ states('sensor.shellyplus1pm_e465b8f2167c_temperature') | float
   < states('input_number.IV_lattialammitys_lamporaja') | float - 1 }}) renders=3>
Traceback (most recent call last):
  File "/usr/src/homeassistant/homeassistant/helpers/template.py", line 2443, in forgiving_float_filter
    return float(value)
ValueError: could not convert string to float: 'unavailable'

During handling of the above exception, another exception occurred:

Traceback (most recent call last):
  File "/usr/src/homeassistant/homeassistant/helpers/template.py", line 644, in async_render
    render_result = _render_with_context(self.template, compiled, **kwargs)
  File "/usr/src/homeassistant/homeassistant/helpers/template.py", line 2969, in _render_with_context
    return template.render(**kwargs)
           ~~~~~~~~~~~~~~~^^^^^^^^^^
  File "/usr/local/lib/python3.13/site-packages/jinja2/environment.py", line 1295, in render
    self.environment.handle_exception()
    ~~~~~~~~~~~~~~~~~~~~~~~~~~~~~~~~~^^
  File "/usr/local/lib/python3.13/site-packages/jinja2/environment.py", line 942, in handle_exception
    raise rewrite_traceback_stack(source=source)
  File "<template>", line 2, in top-level template code
  File "/usr/src/homeassistant/homeassistant/helpers/template.py", line 2446, in forgiving_float_filter
    raise_no_default("float", value)
    ~~~~~~~~~~~~~~~~^^^^^^^^^^^^^^^^
  File "/usr/src/homeassistant/homeassistant/helpers/template.py", line 1972, in raise_no_default
    raise ValueError(
    ...<2 lines>...
    )
ValueError: Template error: float got invalid input 'unavailable' when rendering template '{{ states('sensor.shellyplus1pm_e465b8f2167c_temperature') | float
   < states('input_number.IV_lattialammitys_lamporaja') | float - 1 }}' but no default was specified

The above exception was the direct cause of the following exception:

Traceback (most recent call last):
  File "/usr/src/homeassistant/homeassistant/helpers/template.py", line 761, in async_render_to_info
    render_info._result = self.async_render(  # noqa: SLF001
                          ~~~~~~~~~~~~~~~~~^^^^^^^^^^^^^^^^^
        variables, strict=strict, log_fn=log_fn, **kwargs
        ^^^^^^^^^^^^^^^^^^^^^^^^^^^^^^^^^^^^^^^^^^^^^^^^^
    )
    ^
  File "/usr/src/homeassistant/homeassistant/helpers/template.py", line 646, in async_render
    raise TemplateError(err) from err
homeassistant.exceptions.TemplateError: ValueError: Template error: float got invalid input 'unavailable' when rendering template '{{ states('sensor.shellyplus1pm_e465b8f2167c_temperature') | float
   < states('input_number.IV_lattialammitys_lamporaja') | float - 1 }}' but no default was specified
2025-11-17 16:59:35.129 WARNING (Recorder) [homeassistant.components.recorder.db_schema] State attributes for sensor.nordpool_kwh_fi_eur_3_10_0255 exceed maximum size of 16384 bytes. This can cause database performance issues; Attributes will not be stored
2025-11-17 16:59:35.130 WARNING (Recorder) [homeassistant.components.recorder.db_schema] State attributes for sensor.nordpool_kwh_fi_eur_3_10_0255 exceed maximum size of 16384 bytes. This can cause database performance issues; Attributes will not be stored
2025-11-17 16:59:35.131 WARNING (Recorder) [homeassistant.components.recorder.db_schema] State attributes for sensor.nordpool_kwh_fi_eur_3_10_0255 exceed maximum size of 16384 bytes. This can cause database performance issues; Attributes will not be stored
2025-11-17 16:59:36.272 WARNING (Recorder) [homeassistant.components.recorder.db_schema] State attributes for sensor.nordpool_kwh_fi_eur_3_10_0255 exceed maximum size of 16384 bytes. This can cause database performance issues; Attributes will not be stored
2025-11-17 16:59:36.273 WARNING (Recorder) [homeassistant.components.recorder.db_schema] State attributes for sensor.nordpool_kwh_fi_eur_3_10_0255 exceed maximum size of 16384 bytes. This can cause database performance issues; Attributes will not be stored
2025-11-17 16:59:36.280 WARNING (Recorder) [homeassistant.components.recorder.db_schema] State attributes for sensor.nordpool_kwh_fi_eur_3_10_0255 exceed maximum size of 16384 bytes. This can cause database performance issues; Attributes will not be stored
2025-11-17 16:59:37.868 ERROR (MainThread) [custom_components.tapo_control] Unable to connect to Tapo: Cameras Control controller: HTTPSConnectionPool(host='192.168.1.86', port=443): Max retries exceeded with url: / (Caused by NewConnectionError('<urllib3.connection.HTTPSConnection object at 0x7f8d031310>: Failed to establish a new connection: [Errno 113] Host is unreachable'))
2025-11-17 16:59:37.975 WARNING (Recorder) [homeassistant.components.sensor.recorder] The unit of sensor.nordpool_kwh_fi_eur_3_10_0255 (None) cannot be converted to the unit of previously compiled statistics (EUR/kWh). Generation of long term statistics will be suppressed unless the unit changes back to EUR/kWh or a compatible unit. Go to https://my.home-assistant.io/redirect/developer_statistics to fix this
2025-11-17 16:59:51.170 ERROR (MainThread) [custom_components.tapo_control] Unable to connect to Tapo: Cameras Control controller: HTTPSConnectionPool(host='192.168.1.86', port=443): Max retries exceeded with url: / (Caused by NewConnectionError('<urllib3.connection.HTTPSConnection object at 0x7f862cf9d0>: Failed to establish a new connection: [Errno 113] Host is unreachable'))
2025-11-17 17:00:00.152 WARNING (Recorder) [homeassistant.components.recorder.db_schema] State attributes for sensor.nordpool_kwh_fi_eur_3_10_0255 exceed maximum size of 16384 bytes. This can cause database performance issues; Attributes will not be stored
2025-11-17 17:00:14.488 ERROR (MainThread) [custom_components.tapo_control] Unable to connect to Tapo: Cameras Control controller: HTTPSConnectionPool(host='192.168.1.86', port=443): Max retries exceeded with url: / (Caused by NewConnectionError('<urllib3.connection.HTTPSConnection object at 0x7f8d031f90>: Failed to establish a new connection: [Errno 113] Host is unreachable'))
2025-11-17 17:00:50.024 ERROR (MainThread) [frontend.js.modern.202505313] Uncaught error from Chrome 142.0.0.0 on Windows 10
Error: Failed to execute 'define' on 'CustomElementRegistry': the name "clock-weather-card" has already been used with this registry
A.define (src/scoped-custom-element-registry.ts:180:12)
/hacsfiles/clock-weather-card/clock-weather-card.js:251:10046
/hacsfiles/clock-weather-card/clock-weather-card.js:251:10061
e (/hacsfiles/clock-weather-card/clock-weather-card.js:1:250)
/hacsfiles/clock-weather-card/clock-weather-card.js:251:9991
2025-11-17 17:00:50.028 ERROR (MainThread) [frontend.js.modern.202505313] Uncaught error from Chrome 142.0.0.0 on Windows 10
Error: Failed to execute 'define' on 'CustomElementRegistry': the name "clock-weather-card" has already been used with this registry
A.define (src/scoped-custom-element-registry.ts:180:12)
/hacsfiles/clock-weather-card/clock-weather-card.js:251:10046
/hacsfiles/clock-weather-card/clock-weather-card.js:251:10061
e (/hacsfiles/clock-weather-card/clock-weather-card.js:1:250)
/hacsfiles/clock-weather-card/clock-weather-card.js:251:9991
2025-11-17 17:00:57.767 ERROR (MainThread) [custom_components.tapo_control] Unable to connect to Tapo: Cameras Control controller: HTTPSConnectionPool(host='192.168.1.86', port=443): Max retries exceeded with url: / (Caused by NewConnectionError('<urllib3.connection.HTTPSConnection object at 0x7f856d6350>: Failed to establish a new connection: [Errno 113] Host is unreachable'))
2025-11-17 17:02:21.021 ERROR (MainThread) [custom_components.tapo_control] Unable to connect to Tapo: Cameras Control controller: HTTPSConnectionPool(host='192.168.1.86', port=443): Max retries exceeded with url: / (Caused by NewConnectionError('<urllib3.connection.HTTPSConnection object at 0x7f856d6990>: Failed to establish a new connection: [Errno 113] Host is unreachable'))
2025-11-17 17:03:44.210 ERROR (MainThread) [custom_components.tapo_control] Unable to connect to Tapo: Cameras Control controller: HTTPSConnectionPool(host='192.168.1.86', port=443): Max retries exceeded with url: / (Caused by NewConnectionError('<urllib3.connection.HTTPSConnection object at 0x7f856d5bd0>: Failed to establish a new connection: [Errno 113] Host is unreachable'))
2025-11-17 17:05:07.687 ERROR (MainThread) [custom_components.tapo_control] Unable to connect to Tapo: Cameras Control controller: HTTPSConnectionPool(host='192.168.1.86', port=443): Max retries exceeded with url: / (Caused by NewConnectionError('<urllib3.connection.HTTPSConnection object at 0x7f856d6ad0>: Failed to establish a new connection: [Errno 113] Host is unreachable'))
2025-11-17 17:06:30.810 ERROR (MainThread) [custom_components.tapo_control] Unable to connect to Tapo: Cameras Control controller: HTTPSConnectionPool(host='192.168.1.86', port=443): Max retries exceeded with url: / (Caused by NewConnectionError('<urllib3.connection.HTTPSConnection object at 0x7f856d6710>: Failed to establish a new connection: [Errno 113] Host is unreachable'))
2025-11-17 17:07:54.180 ERROR (MainThread) [custom_components.tapo_control] Unable to connect to Tapo: Cameras Control controller: HTTPSConnectionPool(host='192.168.1.86', port=443): Max retries exceeded with url: / (Caused by NewConnectionError('<urllib3.connection.HTTPSConnection object at 0x7f856d51d0>: Failed to establish a new connection: [Errno 113] Host is unreachable'))
2025-11-17 17:09:17.291 ERROR (MainThread) [custom_components.tapo_control] Unable to connect to Tapo: Cameras Control controller: HTTPSConnectionPool(host='192.168.1.86', port=443): Max retries exceeded with url: / (Caused by NewConnectionError('<urllib3.connection.HTTPSConnection object at 0x7f9c6bdbd0>: Failed to establish a new connection: [Errno 113] Host is unreachable'))
2025-11-17 17:10:40.550 ERROR (MainThread) [custom_components.tapo_control] Unable to connect to Tapo: Cameras Control controller: HTTPSConnectionPool(host='192.168.1.86', port=443): Max retries exceeded with url: / (Caused by NewConnectionError('<urllib3.connection.HTTPSConnection object at 0x7f9c6bdbd0>: Failed to establish a new connection: [Errno 113] Host is unreachable'))
2025-11-17 17:11:41.589 ERROR (MainThread) [pysmartthings] Connection error occurred while subscribing to events
Traceback (most recent call last):
  File "/usr/local/lib/python3.13/site-packages/pysmartthings/smartthings.py", line 527, in subscribe
    await self._internal_subscribe(session, subscription_url)
  File "/usr/local/lib/python3.13/site-packages/pysmartthings/smartthings.py", line 439, in _internal_subscribe
    async for event in event_source:
    ...<49 lines>...
                break
  File "/usr/local/lib/python3.13/site-packages/aiohttp_sse_client2/client.py", line 157, in __anext__
    async for line_in_bytes in self._response.content:
    ...<21 lines>...
            self._process_field(line, '')
  File "/usr/local/lib/python3.13/site-packages/aiohttp/streams.py", line 52, in __anext__
    rv = await self.read_func()
         ^^^^^^^^^^^^^^^^^^^^^^
  File "/usr/local/lib/python3.13/site-packages/aiohttp/streams.py", line 352, in readline
    return await self.readuntil()
           ^^^^^^^^^^^^^^^^^^^^^^
  File "/usr/local/lib/python3.13/site-packages/aiohttp/streams.py", line 386, in readuntil
    await self._wait("readuntil")
  File "/usr/local/lib/python3.13/site-packages/aiohttp/streams.py", line 347, in _wait
    await waiter
aiohttp.client_exceptions.SocketTimeoutError: Timeout on reading data from socket
2025-11-17 17:12:03.960 ERROR (MainThread) [custom_components.tapo_control] Unable to connect to Tapo: Cameras Control controller: HTTPSConnectionPool(host='192.168.1.86', port=443): Max retries exceeded with url: / (Caused by NewConnectionError('<urllib3.connection.HTTPSConnection object at 0x7f856d7610>: Failed to establish a new connection: [Errno 113] Host is unreachable'))
2025-11-17 17:13:27.470 ERROR (MainThread) [custom_components.tapo_control] Unable to connect to Tapo: Cameras Control controller: HTTPSConnectionPool(host='192.168.1.86', port=443): Max retries exceeded with url: / (Caused by NewConnectionError('<urllib3.connection.HTTPSConnection object at 0x7f856d6fd0>: Failed to establish a new connection: [Errno 113] Host is unreachable'))
2025-11-17 17:14:50.859 ERROR (MainThread) [custom_components.tapo_control] Unable to connect to Tapo: Cameras Control controller: HTTPSConnectionPool(host='192.168.1.86', port=443): Max retries exceeded with url: / (Caused by NewConnectionError('<urllib3.connection.HTTPSConnection object at 0x7f856d7750>: Failed to establish a new connection: [Errno 113] Host is unreachable'))
2025-11-17 17:16:14.338 ERROR (MainThread) [custom_components.tapo_control] Unable to connect to Tapo: Cameras Control controller: HTTPSConnectionPool(host='192.168.1.86', port=443): Max retries exceeded with url: / (Caused by NewConnectionError('<urllib3.connection.HTTPSConnection object at 0x7f856d7750>: Failed to establish a new connection: [Errno 113] Host is unreachable'))
2025-11-17 17:17:37.700 ERROR (MainThread) [custom_components.tapo_control] Unable to connect to Tapo: Cameras Control controller: HTTPSConnectionPool(host='192.168.1.86', port=443): Max retries exceeded with url: / (Caused by NewConnectionError('<urllib3.connection.HTTPSConnection object at 0x7f856d7610>: Failed to establish a new connection: [Errno 113] Host is unreachable'))
2025-11-17 17:19:00.946 ERROR (MainThread) [custom_components.tapo_control] Unable to connect to Tapo: Cameras Control controller: HTTPSConnectionPool(host='192.168.1.86', port=443): Max retries exceeded with url: / (Caused by NewConnectionError('<urllib3.connection.HTTPSConnection object at 0x7f856d7750>: Failed to establish a new connection: [Errno 113] Host is unreachable'))
2025-11-17 17:20:24.381 ERROR (MainThread) [custom_components.tapo_control] Unable to connect to Tapo: Cameras Control controller: HTTPSConnectionPool(host='192.168.1.86', port=443): Max retries exceeded with url: / (Caused by NewConnectionError('<urllib3.connection.HTTPSConnection object at 0x7f856d6ad0>: Failed to establish a new connection: [Errno 113] Host is unreachable'))
2025-11-17 17:21:47.681 ERROR (MainThread) [custom_components.tapo_control] Unable to connect to Tapo: Cameras Control controller: HTTPSConnectionPool(host='192.168.1.86', port=443): Max retries exceeded with url: / (Caused by NewConnectionError('<urllib3.connection.HTTPSConnection object at 0x7f856d6990>: Failed to establish a new connection: [Errno 113] Host is unreachable'))
2025-11-17 17:23:11.121 ERROR (MainThread) [custom_components.tapo_control] Unable to connect to Tapo: Cameras Control controller: HTTPSConnectionPool(host='192.168.1.86', port=443): Max retries exceeded with url: / (Caused by NewConnectionError('<urllib3.connection.HTTPSConnection object at 0x7f856d6850>: Failed to establish a new connection: [Errno 113] Host is unreachable'))
2025-11-17 17:24:34.401 ERROR (MainThread) [custom_components.tapo_control] Unable to connect to Tapo: Cameras Control controller: HTTPSConnectionPool(host='192.168.1.86', port=443): Max retries exceeded with url: / (Caused by NewConnectionError('<urllib3.connection.HTTPSConnection object at 0x7f856d6fd0>: Failed to establish a new connection: [Errno 113] Host is unreachable'))
2025-11-17 17:25:57.831 ERROR (MainThread) [custom_components.tapo_control] Unable to connect to Tapo: Cameras Control controller: HTTPSConnectionPool(host='192.168.1.86', port=443): Max retries exceeded with url: / (Caused by NewConnectionError('<urllib3.connection.HTTPSConnection object at 0x7f856d5a90>: Failed to establish a new connection: [Errno 113] Host is unreachable'))
2025-11-17 17:27:21.181 ERROR (MainThread) [custom_components.tapo_control] Unable to connect to Tapo: Cameras Control controller: HTTPSConnectionPool(host='192.168.1.86', port=443): Max retries exceeded with url: / (Caused by NewConnectionError('<urllib3.connection.HTTPSConnection object at 0x7f856d7750>: Failed to establish a new connection: [Errno 113] Host is unreachable'))
2025-11-17 17:28:44.431 ERROR (MainThread) [custom_components.tapo_control] Unable to connect to Tapo: Cameras Control controller: HTTPSConnectionPool(host='192.168.1.86', port=443): Max retries exceeded with url: / (Caused by NewConnectionError('<urllib3.connection.HTTPSConnection object at 0x7f856d6990>: Failed to establish a new connection: [Errno 113] Host is unreachable'))
2025-11-17 17:30:07.931 ERROR (MainThread) [custom_components.tapo_control] Unable to connect to Tapo: Cameras Control controller: HTTPSConnectionPool(host='192.168.1.86', port=443): Max retries exceeded with url: / (Caused by NewConnectionError('<urllib3.connection.HTTPSConnection object at 0x7f856d60d0>: Failed to establish a new connection: [Errno 113] Host is unreachable'))
2025-11-17 17:31:31.271 ERROR (MainThread) [custom_components.tapo_control] Unable to connect to Tapo: Cameras Control controller: HTTPSConnectionPool(host='192.168.1.86', port=443): Max retries exceeded with url: / (Caused by NewConnectionError('<urllib3.connection.HTTPSConnection object at 0x7f856d7b10>: Failed to establish a new connection: [Errno 113] Host is unreachable'))
